#-----------------------------------------------------------
# Vivado v2018.3 (64-bit)
# SW Build 2405991 on Thu Dec  6 23:38:27 MST 2018
# IP Build 2404404 on Fri Dec  7 01:43:56 MST 2018
# Start of session at: Tue Apr 23 02:36:56 2019
# Process ID: 232
# Current directory: C:/Users/horku/Documents/School/EECE/COEN 4710/computer_hardware_projects/Project 2/shifter
# Command line: vivado.exe -gui_launcher_event rodinguilauncherevent8008 C:\Users\horku\Documents\School\EECE\COEN 4710\computer_hardware_projects\Project 2\shifter\shifter.xpr
# Log file: C:/Users/horku/Documents/School/EECE/COEN 4710/computer_hardware_projects/Project 2/shifter/vivado.log
# Journal file: C:/Users/horku/Documents/School/EECE/COEN 4710/computer_hardware_projects/Project 2/shifter\vivado.jou
#-----------------------------------------------------------
start_gui
open_project {C:/Users/horku/Documents/School/EECE/COEN 4710/computer_hardware_projects/Project 2/shifter/shifter.xpr}
update_compile_order -fileset sources_1
synth_design -rtl -name rtl_1
